src/app/components/playlists/ActivityFeed.test.tsx(1,1): error TS6133: 'React' is declared but its value is never read.
src/app/components/playlists/ActivityFeed.test.tsx(2,18): error TS2305: Module '"@testing-library/react"' has no exported member 'screen'.
src/app/components/playlists/ActivityFeed.tsx(1,1): error TS6133: 'React' is declared but its value is never read.
src/app/components/playlists/CollaborativePlaylist.tsx(1,8): error TS6133: 'React' is declared but its value is never read.
src/app/components/playlists/CollaboratorsList.test.tsx(1,1): error TS6133: 'React' is declared but its value is never read.
src/app/components/playlists/CollaboratorsList.test.tsx(2,18): error TS2305: Module '"@testing-library/react"' has no exported member 'screen'.
src/app/components/playlists/CollaboratorsList.tsx(1,1): error TS6133: 'React' is declared but its value is never read.
src/app/components/playlists/PresenceIndicator.tsx(1,1): error TS6133: 'React' is declared but its value is never read.
src/app/layout.tsx(1,31): error TS2307: Cannot find module 'next' or its corresponding type declarations.
src/app/layout.tsx(2,35): error TS2307: Cannot find module 'next/font/google' or its corresponding type declarations.
src/components/analytics/__tests__/TipsLineChart.test.tsx(1,18): error TS2305: Module '"@testing-library/react"' has no exported member 'screen'.
src/components/analytics/PlayHeatmap.tsx(3,27): error TS6133: 'startOfYear' is declared but its value is never read.
src/components/analytics/TipsLineChart.tsx(3,5): error TS6133: 'LineChart' is declared but its value is never read.
src/components/analytics/TipsLineChart.tsx(4,5): error TS6133: 'Line' is declared but its value is never read.
src/components/analytics/TipStream.tsx(37,22): error TS6133: 'time' is declared but its value is never read.
src/components/analytics/TopTracksBar.tsx(56,36): error TS6133: 'entry' is declared but its value is never read.
src/components/ArtistOnboarding.tsx(6,10): error TS2305: Module '"@/types/analytics"' has no exported member 'analytics'.
src/components/FirstTrackUpload.tsx(4,10): error TS2305: Module '"@/types/analytics"' has no exported member 'analytics'.
src/components/player/MusicPlayer.tsx(54,16): error TS2322: Type 'RefObject<HTMLAudioElement | null>' is not assignable to type 'LegacyRef<HTMLAudioElement> | undefined'.
  Type 'RefObject<HTMLAudioElement | null>' is not assignable to type 'RefObject<HTMLAudioElement>'.
    Type 'HTMLAudioElement | null' is not assignable to type 'HTMLAudioElement'.
      Type 'null' is not assignable to type 'HTMLAudioElement'.
src/hooks/useNotifications.test.ts(2,27): error TS2305: Module '"@testing-library/react"' has no exported member 'waitFor'.
src/hooks/useNotifications.test.ts(4,65): error TS2307: Cannot find module 'vitest' or its corresponding type declarations.
src/hooks/useOnboardingPersistence.ts(3,10): error TS2305: Module '"@/types/analytics"' has no exported member 'analytics'.
src/services/artistService.ts(15,3): error TS2741: Property 'artist' is missing in type '{ id: string; title: string; coverArt: string; plays: number; tips: number; }' but required in type 'Track'.
src/services/artistService.ts(16,3): error TS2741: Property 'artist' is missing in type '{ id: string; title: string; coverArt: string; plays: number; tips: number; }' but required in type 'Track'.
src/services/artistService.ts(17,3): error TS2741: Property 'artist' is missing in type '{ id: string; title: string; coverArt: string; plays: number; tips: number; }' but required in type 'Track'.
src/services/artistService.ts(18,3): error TS2741: Property 'artist' is missing in type '{ id: string; title: string; coverArt: string; plays: number; tips: number; }' but required in type 'Track'.
